
> arpufrl@0.1.0 build
> next build

   ▲ Next.js 16.0.0 (Turbopack)
   - Environments: .env.local, .env
   - Experiments (use with caution):
     · optimizePackageImports
     · serverActions

 ⚠ The "middleware" file convention is deprecated. Please use "proxy" instead. Learn more: https://nextjs.org/docs/messages/middleware-to-proxy
   Creating an optimized production build ...
